// Jest Snapshot v1, https://goo.gl/fbAQLP

exports[`ProfilePreferences component should render ProfilePreferences properly 1`] = `
<div
  class="row gl-mt-3 js-preferences-form"
>
  <div
    class="col-sm-12"
  >
    <hr />
  </div>
   
  <div
    class="col-lg-4 profile-settings-sidebar"
    id="localization"
  >
    <h4
      class="gl-mt-0"
    >
      
      Localization
    
    </h4>
     
    <p>
      
      Customize language and region related settings.
      
      <gl-link-stub
        class="gl-display-inline-block"
        href="/help/user/profile/preferences#localization"
        target="_blank"
      >
        
            Learn more
          
      </gl-link-stub>
      .
    </p>
  </div>
   
  <div
    class="col-lg-8"
  >
    <div
      class="gl-form-group"
    >
      <label
        class="gl-font-weight-bold"
        for="user_preferred_language"
      >
        
        Language
      
      </label>
       
      <div
        class="gl-relative"
      >
        <select
          class="form-control select-control"
          id="user_preferred_language"
          name="user[preferred_language]"
          title="Language"
        >
          <option
            data-testid="user-preferred-language-option"
            value="en"
          >
            
            English
          
          </option>
          <option
            data-testid="user-preferred-language-option"
            value="da"
          >
            
            Danish
          
          </option>
          <option
            data-testid="user-preferred-language-option"
            value="swe"
          >
            
            Swedish
          
          </option>
        </select>
         
        <gl-icon-stub
          class="gl-absolute gl-top-4 gl-right-3 gl-text-gray-200"
          data-hidden="true"
          name="chevron-down"
          size="16"
        />
      </div>
       
      <gl-form-text-stub
        tag="small"
        textvariant="muted"
      >
        
        This feature is experimental and translations are not complete yet
      
      </gl-form-text-stub>
    </div>
     
    <div
      class="gl-form-group"
    >
      <label
        class="gl-font-weight-bold"
        for="user_first_day_of_week"
      >
        
        First day of the week
      
      </label>
       
      <div
        class="gl-relative"
      >
        <select
          class="form-control select-control"
          id="user_first_day_of_week"
          name="user[first_day_of_week]"
          title="First day of the week"
        >
          <option
            data-testid="user-first-day-of-week-option"
            value="1"
          >
            
            Monday
          
          </option>
          <option
            data-testid="user-first-day-of-week-option"
            value="7"
          >
            
            Sunday
          
          </option>
        </select>
         
        <gl-icon-stub
          class="gl-absolute gl-top-4 gl-right-3 gl-text-gray-200"
          data-hidden="true"
          name="chevron-down"
          size="16"
        />
      </div>
    </div>
  </div>
   
  <div
    class="col-sm-12"
    data-testid="user-time-settings-rule"
  >
    <hr />
  </div>
   
  <div
    class="col-lg-4 profile-settings-sidebar"
    data-testid="user-time-settings-heading"
  >
    <h4
      class="gl-mt-0"
    >
      
      Time preferences
    
    </h4>
     
    <p>
      
      These settings will update how dates and times are displayed for you.
    
    </p>
  </div>
   
  <div
    class="col-lg-8"
  >
    <h5>
      
      Time format
    
    </h5>
     
    <div
      class="gl-form-group gl-form-checkbox form-check"
    >
      <input
        name="user[time_format_in_24h]"
        type="hidden"
        value="0"
      />
       
      <input
        class="form-check-input"
        data-testid="user-time-format-option"
        id="user_time_format_in_24h"
        name="user[time_format_in_24h]"
        type="checkbox"
        value="1"
      />
       
      <label
        class="form-check-label"
        for="user_time_format_in_24h"
      >
        
        Display time in 24-hour format
      
      </label>
    </div>
     
    <h5>
      
      Time display
    
    </h5>
     
    <div
      class="gl-form-group gl-form-checkbox form-check"
    >
      <input
        name="user[time_display_relative]"
        type="hidden"
        value="0"
      />
       
      <input
        class="form-check-input"
        data-testid="user-time-relative-option"
        id="user_time_display_relative"
        name="user[time_display_relative]"
        type="checkbox"
        value="1"
      />
       
      <label
        class="form-check-label"
        for="user_time_display_relative"
      >
        
        Use relative times
        
        <p
          class="help-text"
        >
          
          For example: 30 mins ago.
        
        </p>
      </label>
    </div>
  </div>
   
  <div
    class="col-sm-12"
  >
    <hr
      data-testid="profile-preferences-integrations-rule"
    />
  </div>
   
  <div
    class="col-lg-4 profile-settings-sidebar"
  >
    <h4
      class="gl-mt-0"
      data-testid="profile-preferences-integrations-heading"
    >
      
      Integrations
    
    </h4>
     
    <p>
      
      Customize integrations with third party services.
    
    </p>
  </div>
   
  <div
    class="col-lg-8"
  >
    <integration-view-stub
      config="[object Object]"
      helplink="http://foo.com/help"
      message="Click %{linkStart}Foo%{linkEnd}!"
      messageurl="http://foo.com"
    />
    <integration-view-stub
      config="[object Object]"
      helplink="http://bar.com/help"
      message="Click %{linkStart}Bar%{linkEnd}!"
      messageurl="http://bar.com"
    />
  </div>
</div>
`;
